

================================================================
== Vivado HLS Report for 'Mat2AXIM'
================================================================
* Date:           Tue Jun 23 00:54:51 2020

* Version:        2019.2 (Build 2704478 on Wed Nov 06 22:10:23 MST 2019)
* Project:        Vivado_Sobel_v3
* Solution:       solution1
* Product family: artix7
* Target device:  xc7a100t-csg324-3


================================================================
== Performance Estimates
================================================================
+ Timing: 
    * Summary: 
    +--------+----------+----------+------------+
    |  Clock |  Target  | Estimated| Uncertainty|
    +--------+----------+----------+------------+
    |ap_clk  | 10.00 ns | 8.348 ns |   1.25 ns  |
    +--------+----------+----------+------------+

+ Latency: 
    * Summary: 
    +---------+---------+----------+----------+-----+-----+---------+
    |  Latency (cycles) |  Latency (absolute) |  Interval | Pipeline|
    |   min   |   max   |    min   |    max   | min | max |   Type  |
    +---------+---------+----------+----------+-----+-----+---------+
    |      231|      231| 2.310 us | 2.310 us |  231|  231|   none  |
    +---------+---------+----------+----------+-----+-----+---------+

    + Detail: 
        * Instance: 
        N/A

        * Loop: 
        +-----------------+---------+---------+----------+-----------+-----------+------+----------+
        |                 |  Latency (cycles) | Iteration|  Initiation Interval  | Trip |          |
        |    Loop Name    |   min   |   max   |  Latency |  achieved |   target  | Count| Pipelined|
        +-----------------+---------+---------+----------+-----------+-----------+------+----------+
        |- loop_pixel     |      230|      230|        23|          -|          -|    10|    no    |
        | + loop_pixel.1  |       20|       20|         2|          2|          1|    10|    yes   |
        +-----------------+---------+---------+----------+-----------+-----------+------+----------+



================================================================
== Utilization Estimates
================================================================
* Summary: 
+-----------------+---------+-------+--------+-------+-----+
|       Name      | BRAM_18K| DSP48E|   FF   |  LUT  | URAM|
+-----------------+---------+-------+--------+-------+-----+
|DSP              |        -|      -|       -|      -|    -|
|Expression       |        -|      -|       0|    627|    -|
|FIFO             |        -|      -|       -|      -|    -|
|Instance         |        -|      -|       -|      -|    -|
|Memory           |        -|      -|       -|      -|    -|
|Multiplexer      |        -|      -|       -|     84|    -|
|Register         |        -|      -|      71|      -|    -|
+-----------------+---------+-------+--------+-------+-----+
|Total            |        0|      0|      71|    711|    0|
+-----------------+---------+-------+--------+-------+-----+
|Available        |      270|    240|  126800|  63400|    0|
+-----------------+---------+-------+--------+-------+-----+
|Utilization (%)  |        0|      0|   ~0   |      1|    0|
+-----------------+---------+-------+--------+-------+-----+

+ Detail: 
    * Instance: 
    N/A

    * DSP48E: 
    N/A

    * Memory: 
    N/A

    * FIFO: 
    N/A

    * Expression: 
    +--------------------------+----------+-------+---+-----+------------+------------+
    |       Variable Name      | Operation| DSP48E| FF| LUT | Bitwidth P0| Bitwidth P1|
    +--------------------------+----------+-------+---+-----+------------+------------+
    |add_ln253_1_fu_188_p2     |     +    |      0|  0|   15|           7|           7|
    |add_ln253_2_fu_212_p2     |     +    |      0|  0|   10|           2|           2|
    |add_ln253_fu_179_p2       |     +    |      0|  0|   15|           6|           6|
    |col_V_fu_169_p2           |     +    |      0|  0|   13|           4|           1|
    |row_V_fu_125_p2           |     +    |      0|  0|   13|           4|           1|
    |and_ln253_1_fu_340_p2     |    and   |      0|  0|   32|          32|          32|
    |and_ln253_2_fu_346_p2     |    and   |      0|  0|   32|          32|          32|
    |and_ln253_fu_287_p2       |    and   |      0|  0|   32|          32|          32|
    |icmp_ln240_fu_119_p2      |   icmp   |      0|  0|    9|           4|           4|
    |icmp_ln241_fu_163_p2      |   icmp   |      0|  0|    9|           4|           4|
    |icmp_ln253_fu_231_p2      |   icmp   |      0|  0|   11|           5|           5|
    |lshr_ln253_fu_281_p2      |   lshr   |      0|  0|  101|           2|          32|
    |ap_block_state1           |    or    |      0|  0|    2|           1|           1|
    |empty_60_fu_225_p2        |    or    |      0|  0|    5|           5|           3|
    |fb_d0                     |    or    |      0|  0|   32|          32|          32|
    |select_ln253_1_fu_253_p3  |  select  |      0|  0|    6|           1|           6|
    |select_ln253_2_fu_302_p3  |  select  |      0|  0|    6|           1|           6|
    |select_ln253_3_fu_328_p3  |  select  |      0|  0|   32|           1|          32|
    |select_ln253_fu_245_p3    |  select  |      0|  0|    6|           1|           6|
    |shl_ln253_1_fu_275_p2     |    shl   |      0|  0|  101|           2|          32|
    |shl_ln253_fu_312_p2       |    shl   |      0|  0|  101|          32|          32|
    |xor_ln253_1_fu_261_p2     |    xor   |      0|  0|    6|           6|           5|
    |xor_ln253_2_fu_335_p2     |    xor   |      0|  0|   32|           2|          32|
    |xor_ln253_fu_297_p2       |    xor   |      0|  0|    6|           6|           5|
    +--------------------------+----------+-------+---+-----+------------+------------+
    |Total                     |          |      0|  0|  627|         224|         350|
    +--------------------------+----------+-------+---+-----+------------+------------+

    * Multiplexer: 
    +-------------------------+----+-----------+-----+-----------+
    |           Name          | LUT| Input Size| Bits| Total Bits|
    +-------------------------+----+-----------+-----+-----------+
    |ap_NS_fsm                |  33|          6|    1|          6|
    |ap_done                  |   9|          2|    1|          2|
    |fb_address0              |  15|          3|    5|         15|
    |img_data_stream_V_blk_n  |   9|          2|    1|          2|
    |t_V_1_reg_108            |   9|          2|    4|          8|
    |t_V_reg_97               |   9|          2|    4|          8|
    +-------------------------+----+-----------+-----+-----------+
    |Total                    |  84|         17|   16|         41|
    +-------------------------+----+-----------+-----+-----------+

    * Register: 
    +-----------------------+----+----+-----+-----------+
    |          Name         | FF | LUT| Bits| Const Bits|
    +-----------------------+----+----+-----+-----------+
    |and_ln253_reg_407      |  32|   0|   32|          0|
    |ap_CS_fsm              |   5|   0|    5|          0|
    |ap_done_reg            |   1|   0|    1|          0|
    |col_V_reg_385          |   4|   0|    4|          0|
    |fb_addr_reg_390        |   5|   0|    5|          0|
    |icmp_ln253_reg_395     |   1|   0|    1|          0|
    |row_V_reg_362          |   4|   0|    4|          0|
    |shl_ln_reg_367         |   4|   0|    7|          3|
    |t_V_1_reg_108          |   4|   0|    4|          0|
    |t_V_reg_97             |   4|   0|    4|          0|
    |trunc_ln253_1_reg_377  |   1|   0|    2|          1|
    |zext_ln241_reg_372     |   4|   0|    6|          2|
    |zext_ln253_3_reg_401   |   2|   0|    6|          4|
    +-----------------------+----+----+-----+-----------+
    |Total                  |  71|   0|   81|         10|
    +-----------------------+----+----+-----+-----------+



================================================================
== Interface
================================================================
* Summary: 
+---------------------------+-----+-----+------------+-------------------+--------------+
|         RTL Ports         | Dir | Bits|  Protocol  |   Source Object   |    C Type    |
+---------------------------+-----+-----+------------+-------------------+--------------+
|ap_clk                     |  in |    1| ap_ctrl_hs |      Mat2AXIM     | return value |
|ap_rst                     |  in |    1| ap_ctrl_hs |      Mat2AXIM     | return value |
|ap_start                   |  in |    1| ap_ctrl_hs |      Mat2AXIM     | return value |
|ap_done                    | out |    1| ap_ctrl_hs |      Mat2AXIM     | return value |
|ap_continue                |  in |    1| ap_ctrl_hs |      Mat2AXIM     | return value |
|ap_idle                    | out |    1| ap_ctrl_hs |      Mat2AXIM     | return value |
|ap_ready                   | out |    1| ap_ctrl_hs |      Mat2AXIM     | return value |
|img_data_stream_V_dout     |  in |    8|   ap_fifo  | img_data_stream_V |    pointer   |
|img_data_stream_V_empty_n  |  in |    1|   ap_fifo  | img_data_stream_V |    pointer   |
|img_data_stream_V_read     | out |    1|   ap_fifo  | img_data_stream_V |    pointer   |
|fb_address0                | out |    5|  ap_memory |         fb        |     array    |
|fb_ce0                     | out |    1|  ap_memory |         fb        |     array    |
|fb_we0                     | out |    1|  ap_memory |         fb        |     array    |
|fb_d0                      | out |   32|  ap_memory |         fb        |     array    |
|fb_q0                      |  in |   32|  ap_memory |         fb        |     array    |
+---------------------------+-----+-----+------------+-------------------+--------------+

