

================================================================
== Vivado HLS Report for 'Sobel'
================================================================
* Date:           Tue Jun 23 00:54:52 2020

* Version:        2019.2 (Build 2704478 on Wed Nov 06 22:10:23 MST 2019)
* Project:        Vivado_Sobel_v3
* Solution:       solution1
* Product family: artix7
* Target device:  xc7a100t-csg324-3


================================================================
== Performance Estimates
================================================================
+ Timing: 
    * Summary: 
    +--------+----------+----------+------------+
    |  Clock |  Target  | Estimated| Uncertainty|
    +--------+----------+----------+------------+
    |ap_clk  | 10.00 ns | 8.348 ns |   1.25 ns  |
    +--------+----------+----------+------------+

+ Latency: 
    * Summary: 
    +---------+---------+----------+----------+-----+-----+----------+
    |  Latency (cycles) |  Latency (absolute) |  Interval | Pipeline |
    |   min   |   max   |    min   |    max   | min | max |   Type   |
    +---------+---------+----------+----------+-----+-----+----------+
    |      236|      236| 2.360 us | 2.360 us |  232|  232| dataflow |
    +---------+---------+----------+----------+-----+-----+----------+

    + Detail: 
        * Instance: 
        +---------------+------------+---------+---------+-----------+----------+-----+-----+---------+
        |               |            |  Latency (cycles) |  Latency (absolute)  |  Interval | Pipeline|
        |    Instance   |   Module   |   min   |   max   |    min    |    max   | min | max |   Type  |
        +---------------+------------+---------+---------+-----------+----------+-----+-----+---------+
        |Filter2D_U0    |Filter2D    |      127|      209|  1.270 us | 2.090 us |  127|  209|   none  |
        |AXIM2Mat_U0    |AXIM2Mat    |        1|      141| 10.000 ns | 1.410 us |    1|  141|   none  |
        |Mat2AXIM_U0    |Mat2AXIM    |      231|      231|  2.310 us | 2.310 us |  231|  231|   none  |
        |Block_proc_U0  |Block_proc  |        0|        0|    0 ns   |   0 ns   |    0|    0|   none  |
        +---------------+------------+---------+---------+-----------+----------+-----+-----+---------+

        * Loop: 
        N/A



================================================================
== Utilization Estimates
================================================================
* Summary: 
+-----------------+---------+-------+--------+-------+-----+
|       Name      | BRAM_18K| DSP48E|   FF   |  LUT  | URAM|
+-----------------+---------+-------+--------+-------+-----+
|DSP              |        -|      -|       -|      -|    -|
|Expression       |        -|      -|       0|     46|    -|
|FIFO             |        0|      -|      30|    102|    -|
|Instance         |        0|      -|     753|   2729|    0|
|Memory           |        -|      -|       -|      -|    -|
|Multiplexer      |        -|      -|       -|     54|    -|
|Register         |        -|      -|       9|      -|    -|
+-----------------+---------+-------+--------+-------+-----+
|Total            |        0|      0|     792|   2931|    0|
+-----------------+---------+-------+--------+-------+-----+
|Available        |      270|    240|  126800|  63400|    0|
+-----------------+---------+-------+--------+-------+-----+
|Utilization (%)  |        0|      0|   ~0   |      4|    0|
+-----------------+---------+-------+--------+-------+-----+

+ Detail: 
    * Instance: 
    +---------------+------------+---------+-------+-----+------+-----+
    |    Instance   |   Module   | BRAM_18K| DSP48E|  FF |  LUT | URAM|
    +---------------+------------+---------+-------+-----+------+-----+
    |AXIM2Mat_U0    |AXIM2Mat    |        0|      0|  194|   621|    0|
    |Block_proc_U0  |Block_proc  |        0|      0|    2|    29|    0|
    |Filter2D_U0    |Filter2D    |        0|      0|  486|  1368|    0|
    |Mat2AXIM_U0    |Mat2AXIM    |        0|      0|   71|   711|    0|
    +---------------+------------+---------+-------+-----+------+-----+
    |Total          |            |        0|      0|  753|  2729|    0|
    +---------------+------------+---------+-------+-----+------+-----+

    * DSP48E: 
    N/A

    * Memory: 
    N/A

    * FIFO: 
    +-----------------------+---------+---+----+-----+------+-----+---------+
    |          Name         | BRAM_18K| FF| LUT| URAM| Depth| Bits| Size:D*B|
    +-----------------------+---------+---+----+-----+------+-----+---------+
    |dst_data_stream_0_V_U  |        0|  5|   0|    -|     2|    8|       16|
    |src_cols_V_c9_U        |        0|  5|   0|    -|     2|    5|       10|
    |src_cols_V_c_U         |        0|  5|   0|    -|     2|    5|       10|
    |src_data_stream_0_V_U  |        0|  5|   0|    -|     2|    8|       16|
    |src_rows_V_c8_U        |        0|  5|   0|    -|     2|    5|       10|
    |src_rows_V_c_U         |        0|  5|   0|    -|     2|    5|       10|
    +-----------------------+---------+---+----+-----+------+-----+---------+
    |Total                  |        0| 30|   0|    0|    12|   36|       72|
    +-----------------------+---------+---+----+-----+------+-----+---------+

    * Expression: 
    +--------------------------------+----------+-------+---+----+------------+------------+
    |          Variable Name         | Operation| DSP48E| FF| LUT| Bitwidth P0| Bitwidth P1|
    +--------------------------------+----------+-------+---+----+------------+------------+
    |AXIM2Mat_U0_ap_ready_count      |     +    |      0|  0|  10|           2|           1|
    |Block_proc_U0_ap_ready_count    |     +    |      0|  0|  10|           2|           1|
    |Mat2AXIM_U0_ap_ready_count      |     +    |      0|  0|  10|           2|           1|
    |AXIM2Mat_U0_ap_start            |    and   |      0|  0|   2|           1|           1|
    |Block_proc_U0_ap_start          |    and   |      0|  0|   2|           1|           1|
    |Mat2AXIM_U0_ap_start            |    and   |      0|  0|   2|           1|           1|
    |ap_idle                         |    and   |      0|  0|   2|           1|           1|
    |ap_sync_ready                   |    and   |      0|  0|   2|           1|           1|
    |ap_sync_AXIM2Mat_U0_ap_ready    |    or    |      0|  0|   2|           1|           1|
    |ap_sync_Block_proc_U0_ap_ready  |    or    |      0|  0|   2|           1|           1|
    |ap_sync_Mat2AXIM_U0_ap_ready    |    or    |      0|  0|   2|           1|           1|
    +--------------------------------+----------+-------+---+----+------------+------------+
    |Total                           |          |      0|  0|  46|          14|          11|
    +--------------------------------+----------+-------+---+----+------------+------------+

    * Multiplexer: 
    +------------------------------------+----+-----------+-----+-----------+
    |                Name                | LUT| Input Size| Bits| Total Bits|
    +------------------------------------+----+-----------+-----+-----------+
    |AXIM2Mat_U0_ap_ready_count          |   9|          2|    2|          4|
    |Block_proc_U0_ap_ready_count        |   9|          2|    2|          4|
    |Mat2AXIM_U0_ap_ready_count          |   9|          2|    2|          4|
    |ap_sync_reg_AXIM2Mat_U0_ap_ready    |   9|          2|    1|          2|
    |ap_sync_reg_Block_proc_U0_ap_ready  |   9|          2|    1|          2|
    |ap_sync_reg_Mat2AXIM_U0_ap_ready    |   9|          2|    1|          2|
    +------------------------------------+----+-----------+-----+-----------+
    |Total                               |  54|         12|    9|         18|
    +------------------------------------+----+-----------+-----+-----------+

    * Register: 
    +------------------------------------+---+----+-----+-----------+
    |                Name                | FF| LUT| Bits| Const Bits|
    +------------------------------------+---+----+-----+-----------+
    |AXIM2Mat_U0_ap_ready_count          |  2|   0|    2|          0|
    |Block_proc_U0_ap_ready_count        |  2|   0|    2|          0|
    |Mat2AXIM_U0_ap_ready_count          |  2|   0|    2|          0|
    |ap_sync_reg_AXIM2Mat_U0_ap_ready    |  1|   0|    1|          0|
    |ap_sync_reg_Block_proc_U0_ap_ready  |  1|   0|    1|          0|
    |ap_sync_reg_Mat2AXIM_U0_ap_ready    |  1|   0|    1|          0|
    +------------------------------------+---+----+-----+-----------+
    |Total                               |  9|   0|    9|          0|
    +------------------------------------+---+----+-----+-----------+



================================================================
== Interface
================================================================
* Summary: 
+--------------------+-----+-----+------------+--------------+--------------+
|      RTL Ports     | Dir | Bits|  Protocol  | Source Object|    C Type    |
+--------------------+-----+-----+------------+--------------+--------------+
|image_in_address0   | out |    5|  ap_memory |   image_in   |     array    |
|image_in_ce0        | out |    1|  ap_memory |   image_in   |     array    |
|image_in_d0         | out |   32|  ap_memory |   image_in   |     array    |
|image_in_q0         |  in |   32|  ap_memory |   image_in   |     array    |
|image_in_we0        | out |    1|  ap_memory |   image_in   |     array    |
|image_out_address0  | out |    5|  ap_memory |   image_out  |     array    |
|image_out_ce0       | out |    1|  ap_memory |   image_out  |     array    |
|image_out_d0        | out |   32|  ap_memory |   image_out  |     array    |
|image_out_q0        |  in |   32|  ap_memory |   image_out  |     array    |
|image_out_we0       | out |    1|  ap_memory |   image_out  |     array    |
|ap_clk              |  in |    1| ap_ctrl_hs |     Sobel    | return value |
|ap_rst              |  in |    1| ap_ctrl_hs |     Sobel    | return value |
|ap_start            |  in |    1| ap_ctrl_hs |     Sobel    | return value |
|ap_done             | out |    1| ap_ctrl_hs |     Sobel    | return value |
|ap_ready            | out |    1| ap_ctrl_hs |     Sobel    | return value |
|ap_idle             | out |    1| ap_ctrl_hs |     Sobel    | return value |
+--------------------+-----+-----+------------+--------------+--------------+

